
> sitas-sumut-backend@2.0.0 test
> NODE_ENV=test jest --runInBand

npm : 'NODE_ENV' is not recognized as an internal or external command,
At line:1 char:1
+ npm test > test_output.txt 2>&1
+ ~~~~~~~~~~~~~~~~~~~~~~~~~~~~~~~
    + CategoryInfo          : NotSpecified: ('NODE_ENV' is n...ternal command,:String) [], RemoteException
    + FullyQualifiedErrorId : NativeCommandError
 
operable program or batch file.
